C:/Users/Bemielison/git/GrupoPPGEC_SistemasEmbarcados/Projeto9_I2C-main/Projeto9_I2C-main/Core/Src/main.c:125:5:main	5
C:/Users/Bemielison/git/GrupoPPGEC_SistemasEmbarcados/Projeto9_I2C-main/Projeto9_I2C-main/Core/Src/main.c:226:6:SystemClock_Config	4
C:/Users/Bemielison/git/GrupoPPGEC_SistemasEmbarcados/Projeto9_I2C-main/Projeto9_I2C-main/Core/Src/main.c:287:13:MX_ADC1_Init	5
C:/Users/Bemielison/git/GrupoPPGEC_SistemasEmbarcados/Projeto9_I2C-main/Projeto9_I2C-main/Core/Src/main.c:360:13:MX_DAC1_Init	3
C:/Users/Bemielison/git/GrupoPPGEC_SistemasEmbarcados/Projeto9_I2C-main/Projeto9_I2C-main/Core/Src/main.c:403:13:MX_ETH_Init	2
C:/Users/Bemielison/git/GrupoPPGEC_SistemasEmbarcados/Projeto9_I2C-main/Projeto9_I2C-main/Core/Src/main.c:452:13:MX_I2C1_Init	4
C:/Users/Bemielison/git/GrupoPPGEC_SistemasEmbarcados/Projeto9_I2C-main/Projeto9_I2C-main/Core/Src/main.c:500:13:MX_TIM1_Init	7
C:/Users/Bemielison/git/GrupoPPGEC_SistemasEmbarcados/Projeto9_I2C-main/Projeto9_I2C-main/Core/Src/main.c:580:13:MX_TIM2_Init	4
C:/Users/Bemielison/git/GrupoPPGEC_SistemasEmbarcados/Projeto9_I2C-main/Projeto9_I2C-main/Core/Src/main.c:629:13:MX_USART3_UART_Init	5
C:/Users/Bemielison/git/GrupoPPGEC_SistemasEmbarcados/Projeto9_I2C-main/Projeto9_I2C-main/Core/Src/main.c:677:13:MX_USB_OTG_FS_PCD_Init	2
C:/Users/Bemielison/git/GrupoPPGEC_SistemasEmbarcados/Projeto9_I2C-main/Projeto9_I2C-main/Core/Src/main.c:713:13:MX_GPIO_Init	1
C:/Users/Bemielison/git/GrupoPPGEC_SistemasEmbarcados/Projeto9_I2C-main/Projeto9_I2C-main/Core/Src/main.c:777:9:PCF8591_ReadAnalog	1
C:/Users/Bemielison/git/GrupoPPGEC_SistemasEmbarcados/Projeto9_I2C-main/Projeto9_I2C-main/Core/Src/main.c:792:6:HAL_UART_RxCpltCallback	5
C:/Users/Bemielison/git/GrupoPPGEC_SistemasEmbarcados/Projeto9_I2C-main/Projeto9_I2C-main/Core/Src/main.c:815:6:Error_Handler	1
